// Jest Snapshot v1, https://goo.gl/fbAQLP

exports[`ForceTokens component renders 1`] = `ShallowWrapper {}`;
